2026-01-10 19:06:22,795 [INFO] ============================================================
2026-01-10 19:06:22,795 [INFO] NBA Data Linker Starting
2026-01-10 19:06:22,795 [INFO] ============================================================
2026-01-10 19:06:22,796 [INFO] Phase: all, Chunk size: 50000, Dry run: False
2026-01-10 19:06:23,533 [INFO] Database connection verified [OK]
2026-01-10 19:06:23,533 [INFO] Building team lookup table...
2026-01-10 19:06:25,506 [INFO] Team lookup built: 52 entries (including aliases)
2026-01-10 19:06:25,506 [INFO] Building player lookup table...
2026-01-10 19:06:25,615 [WARNING] Found 5 normalized name collisions:
2026-01-10 19:06:25,615 [WARNING]   'chris johnson': [(202419, 'Chris Johnson')]
2026-01-10 19:06:25,616 [WARNING]   'mike james': [(1628455, 'Mike James')]
2026-01-10 19:06:25,616 [WARNING]   'tony mitchell': [(203183, 'Tony Mitchell')]
2026-01-10 19:06:25,616 [WARNING]   'chris wright': [(203203, 'Chris Wright')]
2026-01-10 19:06:25,616 [WARNING]   'chris smith': [(1630607, 'Chris Smith')]
2026-01-10 19:06:25,616 [INFO] Player lookup built: 1970 unique normalized names
2026-01-10 19:06:25,616 [INFO] Building game lookup from team_game_stats...
2026-01-10 19:06:25,976 [INFO] Game lookup built: 31975 home team/date combinations
2026-01-10 19:06:25,976 [INFO] Building game lookup for player props...
2026-01-10 19:06:26,223 [INFO] Props game lookup built: 51439 combinations
2026-01-10 19:06:26,223 [INFO] ============================================================
2026-01-10 19:06:26,223 [INFO] PHASE 2: Linking raw_game_lines_staging
2026-01-10 19:06:26,223 [INFO] ============================================================
2026-01-10 19:06:47,911 [INFO] Date range to process: 2020-08-01 00:00:00+00:00 to 2025-04-20 00:30:00+00:00
2026-01-10 19:09:13,376 [ERROR] Error: (psycopg2.errors.QueryCanceled) canceling statement due to statement timeout
CONTEXT:  while updating tuple (82,35) in relation "raw_game_lines_staging"

[SQL: 
                UPDATE raw_game_lines_staging
                SET 
                    nba_game_id = %(game_id)s,
                    nba_home_team_id = %(home_id)s,
                    nba_away_team_id = %(away_id)s
                WHERE home_team = %(home_team)s
                  AND (commence_time AT TIME ZONE 'America/New_York')::date = %(game_date)s
                  AND nba_game_id IS NULL
                ]
[parameters: {'game_id': '0021901245', 'home_id': 1610612738, 'away_id': 1610612757, 'home_team': 'Boston Celtics', 'game_date': datetime.date(2020, 8, 2)}]
(Background on this error at: https://sqlalche.me/e/20/e3q8)
Traceback (most recent call last):
  File "C:\Users\Chase\anaconda3\Lib\site-packages\sqlalchemy\engine\base.py", line 1967, in _exec_single_context
    self.dialect.do_execute(
    ~~~~~~~~~~~~~~~~~~~~~~~^
        cursor, str_statement, effective_parameters, context
        ^^^^^^^^^^^^^^^^^^^^^^^^^^^^^^^^^^^^^^^^^^^^^^^^^^^^
    )
    ^
  File "C:\Users\Chase\anaconda3\Lib\site-packages\sqlalchemy\engine\default.py", line 951, in do_execute
    cursor.execute(statement, parameters)
    ~~~~~~~~~~~~~~^^^^^^^^^^^^^^^^^^^^^^^
psycopg2.errors.QueryCanceled: canceling statement due to statement timeout
CONTEXT:  while updating tuple (82,35) in relation "raw_game_lines_staging"


The above exception was the direct cause of the following exception:

Traceback (most recent call last):
  File "C:\Users\Chase\Projects\GameFlowData\JupyterScrapers\oneTimeScripts\nba_data_linker.py", line 832, in main
    link_game_lines(engine, game_lookup, args.chunk_size, args.dry_run)
    ~~~~~~~~~~~~~~~^^^^^^^^^^^^^^^^^^^^^^^^^^^^^^^^^^^^^^^^^^^^^^^^^^^^
  File "C:\Users\Chase\Projects\GameFlowData\JupyterScrapers\oneTimeScripts\nba_data_linker.py", line 441, in link_game_lines
    result = conn.execute(text(update_query), update)
  File "C:\Users\Chase\anaconda3\Lib\site-packages\sqlalchemy\engine\base.py", line 1419, in execute
    return meth(
        self,
        distilled_parameters,
        execution_options or NO_OPTIONS,
    )
  File "C:\Users\Chase\anaconda3\Lib\site-packages\sqlalchemy\sql\elements.py", line 526, in _execute_on_connection
    return connection._execute_clauseelement(
           ~~~~~~~~~~~~~~~~~~~~~~~~~~~~~~~~~^
        self, distilled_params, execution_options
        ^^^^^^^^^^^^^^^^^^^^^^^^^^^^^^^^^^^^^^^^^
    )
    ^
  File "C:\Users\Chase\anaconda3\Lib\site-packages\sqlalchemy\engine\base.py", line 1641, in _execute_clauseelement
    ret = self._execute_context(
        dialect,
    ...<8 lines>...
        cache_hit=cache_hit,
    )
  File "C:\Users\Chase\anaconda3\Lib\site-packages\sqlalchemy\engine\base.py", line 1846, in _execute_context
    return self._exec_single_context(
           ~~~~~~~~~~~~~~~~~~~~~~~~~^
        dialect, context, statement, parameters
        ^^^^^^^^^^^^^^^^^^^^^^^^^^^^^^^^^^^^^^^
    )
    ^
  File "C:\Users\Chase\anaconda3\Lib\site-packages\sqlalchemy\engine\base.py", line 1986, in _exec_single_context
    self._handle_dbapi_exception(
    ~~~~~~~~~~~~~~~~~~~~~~~~~~~~^
        e, str_statement, effective_parameters, cursor, context
        ^^^^^^^^^^^^^^^^^^^^^^^^^^^^^^^^^^^^^^^^^^^^^^^^^^^^^^^
    )
    ^
  File "C:\Users\Chase\anaconda3\Lib\site-packages\sqlalchemy\engine\base.py", line 2355, in _handle_dbapi_exception
    raise sqlalchemy_exception.with_traceback(exc_info[2]) from e
  File "C:\Users\Chase\anaconda3\Lib\site-packages\sqlalchemy\engine\base.py", line 1967, in _exec_single_context
    self.dialect.do_execute(
    ~~~~~~~~~~~~~~~~~~~~~~~^
        cursor, str_statement, effective_parameters, context
        ^^^^^^^^^^^^^^^^^^^^^^^^^^^^^^^^^^^^^^^^^^^^^^^^^^^^
    )
    ^
  File "C:\Users\Chase\anaconda3\Lib\site-packages\sqlalchemy\engine\default.py", line 951, in do_execute
    cursor.execute(statement, parameters)
    ~~~~~~~~~~~~~~^^^^^^^^^^^^^^^^^^^^^^^
sqlalchemy.exc.OperationalError: (psycopg2.errors.QueryCanceled) canceling statement due to statement timeout
CONTEXT:  while updating tuple (82,35) in relation "raw_game_lines_staging"

[SQL: 
                UPDATE raw_game_lines_staging
                SET 
                    nba_game_id = %(game_id)s,
                    nba_home_team_id = %(home_id)s,
                    nba_away_team_id = %(away_id)s
                WHERE home_team = %(home_team)s
                  AND (commence_time AT TIME ZONE 'America/New_York')::date = %(game_date)s
                  AND nba_game_id IS NULL
                ]
[parameters: {'game_id': '0021901245', 'home_id': 1610612738, 'away_id': 1610612757, 'home_team': 'Boston Celtics', 'game_date': datetime.date(2020, 8, 2)}]
(Background on this error at: https://sqlalche.me/e/20/e3q8)
