2026-01-12 16:22:26,514 [INFO] ============================================================
2026-01-12 16:22:26,515 [INFO] NBA Data Linker Starting (FIXED with Fuzzy Date Matching)
2026-01-12 16:22:26,515 [INFO] ============================================================
2026-01-12 16:22:26,515 [INFO] Phase: 3, Chunk size: 2000, Dry run: False
2026-01-12 16:22:28,056 [INFO] Database connection verified [OK]
2026-01-12 16:22:28,056 [INFO] Building FUZZY game lookup for player props...
2026-01-12 16:22:28,465 [INFO]   Loaded 30 teams
2026-01-12 16:22:30,906 [INFO] Props game lookup built: 2432 team matchups, 53095 total games
2026-01-12 16:22:30,910 [INFO]   FUZZY MATCHING ENABLED: Will search ±90 days from props date
2026-01-12 16:22:30,910 [INFO] ============================================================
2026-01-12 16:22:30,910 [INFO] PHASE 3: Linking player props to games (FUZZY DATE MATCHING)
2026-01-12 16:22:30,910 [INFO] ============================================================
2026-01-12 16:22:31,073 [INFO] Processing staging_id 1 to 12117232
2026-01-12 16:50:45,959 [INFO] 
PHASE 3 COMPLETE: 32,106 rows updated
2026-01-12 16:50:45,959 [INFO]   Exact date matches: 0
2026-01-12 16:50:45,959 [INFO]   Fuzzy matches: 32,106
2026-01-12 16:50:45,960 [INFO]   Average date difference for fuzzy matches: 30.9 days
2026-01-12 16:50:45,960 [INFO]   Maximum date difference: 74 days
2026-01-12 16:50:45,960 [INFO]   Unmatched: 4 unique games
2026-01-12 16:50:45,960 [INFO] Unmatched games written to unmatched_prop_games.csv
2026-01-12 16:50:45,960 [INFO] 
============================================================
2026-01-12 16:50:45,961 [INFO] CURRENT STATISTICS
2026-01-12 16:50:45,961 [INFO] ============================================================
2026-01-12 16:50:45,961 [INFO] Run these queries in your database to check results:
2026-01-12 16:50:45,961 [INFO] 
2026-01-12 16:50:45,961 [INFO] -- Game lines linked:
2026-01-12 16:50:45,961 [INFO] SELECT COUNT(*) FROM raw_game_lines_staging WHERE nba_game_id IS NOT NULL;
2026-01-12 16:50:45,961 [INFO] 
2026-01-12 16:50:45,961 [INFO] -- Props with game_id:
2026-01-12 16:50:45,961 [INFO] SELECT COUNT(*) FROM raw_player_props_combined WHERE game_id IS NOT NULL;
2026-01-12 16:50:45,961 [INFO] 
2026-01-12 16:50:45,961 [INFO] -- Props with player_id:
2026-01-12 16:50:45,961 [INFO] SELECT COUNT(*) FROM raw_player_props_combined WHERE player_id IS NOT NULL;
2026-01-12 16:50:45,961 [INFO] 
2026-01-12 16:50:45,961 [INFO] Check unmatched_*.csv files for any remaining issues
2026-01-12 16:50:45,961 [INFO] 
============================================================
2026-01-12 16:50:45,961 [INFO] [OK] Complete! Total time: 28m 19s
2026-01-12 16:50:45,962 [INFO] ============================================================
